[2026-01-27 00:40:39] [OK] Created: data\categories
[2026-01-27 00:40:39] [OK] Created: data\images
[2026-01-27 00:41:03] [OK] Civilian Interesting Aircraft (4.5K) downloaded
[2026-01-27 00:41:03] [OK] Badger's Best - VIP Must-See Aircraft downloaded
[2026-01-27 00:41:03] [OK] Aircraft Categories with Descriptions (51) downloaded
[2026-01-27 00:41:04] [OK] Military Aircraft Images downloaded
[2026-01-27 00:41:04] [OK] Government Aircraft Images downloaded
[2026-01-27 00:41:04] [OK] Police Aircraft Images downloaded
[2026-01-27 00:41:04] [OK] Civilian Aircraft Images downloaded
[2026-01-27 00:41:04] [OK] Badger's Best Aircraft Images downloaded
[2026-01-27 00:41:05] [OK] Generated alliances.csv
[2026-01-27 00:41:05] [OK] Generated callsign-prefix.json with 5774 entries
[2026-01-27 00:41:05] [INFO] Collecting airline codes...
[2026-01-27 00:41:05] [INFO] Found 5774 airline codes
[2026-01-27 01:06:59] [INFO] Airline logos: 0 downloaded, 2239 existed
[2026-01-27 01:06:59] [INFO] Collecting aircraft type codes...
[2026-01-27 01:06:59] [INFO] Found 2705 aircraft type codes
[2026-01-27 01:08:23] [INFO] Silhouettes: 1318 downloaded, 1387 existed
[2026-01-27 01:08:23] [INFO] Collecting country codes...
[2026-01-27 01:08:23] [INFO] Found 249 country codes
[2026-01-27 01:08:36] [INFO] Flags: 149 downloaded, 95 existed
[2026-01-27 01:08:36] [INFO] Collecting hex codes from all databases...
[2026-01-27 01:08:37] [INFO] Found 16031 unique hex codes
[2026-01-27 01:08:37] [INFO] Processing 16031 aircraft for photos (delay: 600ms)...
